Change Component DesignItemId : Designator=R7 Old DesignItemId=10k Ohm 0402 New DesignItemId=10k Ohm 0603
Change Component DesignItemId : Designator=R11 Old DesignItemId=10k Ohm 0402 New DesignItemId=10k Ohm 0603
Change Component Footprint: Designator=R7 Old Footprint=RES 0402 FOOTPRINT - OUTLINE New Footprint=RES 0603 FOOTPRINT
Change Component Footprint: Designator=R11 Old Footprint=RES 0402 FOOTPRINT - OUTLINE New Footprint=RES 0603 FOOTPRINT
Change Component Comment : Designator=R7 Old Comment=10k Ohm 0402 New Comment=10k Ohm 0603
Change Component Comment : Designator=R11 Old Comment=10k Ohm 0402 New Comment=10k Ohm 0603
Change component parameters: Designator = "R7" ("R7"); Footprint = "RES 0402 FOOTPRINT - OUTLINE"; UniqueID = "\XKSOPMNV" ("\XKSOPMNV")
Change component parameters (AddParameter): Name = "Bezeichnung"; Value = "R SMD"; VariantName = "[No Variations]"
Change component parameters (AddParameter): Name = "Haendler"; Value = "Mouser"; VariantName = "[No Variations]"
Change component parameters (AddParameter): Name = "Haendler Nr"; Value = "603-AC0603FR-0710KL"; VariantName = "[No Variations]"
Change component parameters (AddParameter): Name = "Hersteller"; Value = "Yageo"; VariantName = "[No Variations]"
Change component parameters (AddParameter): Name = "Hersteller Nr"; Value = "AC0603FR-0710KL"; VariantName = "[No Variations]"
Change component parameters (AddParameter): Name = "housing/footprint"; Value = "0603"; VariantName = "[No Variations]"
Change component parameters (AddParameter): Name = "Preis (CHF)"; Value = "0.01"; VariantName = "[No Variations]"
Change component parameters (AddParameter): Name = "Value"; Value = "10k"; VariantName = "[No Variations]"
Change component parameters: Designator = "R11" ("R11"); Footprint = "RES 0402 FOOTPRINT - OUTLINE"; UniqueID = "\GFVLALPX" ("\GFVLALPX")
Change component parameters (AddParameter): Name = "Bezeichnung"; Value = "R SMD"; VariantName = "[No Variations]"
Change component parameters (AddParameter): Name = "Haendler"; Value = "Mouser"; VariantName = "[No Variations]"
Change component parameters (AddParameter): Name = "Haendler Nr"; Value = "603-AC0603FR-0710KL"; VariantName = "[No Variations]"
Change component parameters (AddParameter): Name = "Hersteller"; Value = "Yageo"; VariantName = "[No Variations]"
Change component parameters (AddParameter): Name = "Hersteller Nr"; Value = "AC0603FR-0710KL"; VariantName = "[No Variations]"
Change component parameters (AddParameter): Name = "housing/footprint"; Value = "0603"; VariantName = "[No Variations]"
Change component parameters (AddParameter): Name = "Preis (CHF)"; Value = "0.01"; VariantName = "[No Variations]"
Change component parameters (AddParameter): Name = "Value"; Value = "10k"; VariantName = "[No Variations]"
