Removed Pin From Net: NetName=GND Pin=C2-1
Removed Pin From Net: NetName=3V3 Pin=C2-2
Removed Pin From Net: NetName=GND Pin=C3-1
Removed Pin From Net: NetName=3V3 Pin=C3-2
Removed Pin From Net: NetName=GND Pin=C4-1
Removed Pin From Net: NetName=GND Pin=C5-1
Removed Pin From Net: NetName=GND Pin=C6-1
Removed Pin From Net: NetName=GND Pin=C7-1
Removed Pin From Net: NetName=3V3 Pin=C7-2
Removed Pin From Net: NetName=GND Pin=C8-1
Removed Pin From Net: NetName=GND Pin=C11-1
Removed Pin From Net: NetName=3V3 Pin=C11-2
Removed Pin From Net: NetName=GND Pin=D1-2
Removed Pin From Net: NetName=5V Pin=D2-1
Removed Pin From Net: NetName=GND Pin=D3-2
Removed Pin From Net: NetName=GND Pin=R3-1
Removed Pin From Net: NetName=GND Pin=R4-1
Removed Pin From Net: NetName=3V3 Pin=R5-2
Removed Pin From Net: NetName=GND Pin=R6-1
Removed Pin From Net: NetName=GND Pin=U1-0
Removed Pin From Net: NetName=GND Pin=U1-0
Removed Pin From Net: NetName=GND Pin=U1-0
Removed Pin From Net: NetName=GND Pin=U1-0
Removed Pin From Net: NetName=GND Pin=U1-0
Removed Pin From Net: NetName=GND Pin=U1-0
Removed Pin From Net: NetName=GND Pin=U1-0
Removed Pin From Net: NetName=GND Pin=U1-0
Removed Pin From Net: NetName=GND Pin=U1-0
Removed Pin From Net: NetName=GND Pin=U1-0
Removed Pin From Net: NetName=GND Pin=U1-0
Removed Pin From Net: NetName=GND Pin=U1-0
Removed Pin From Net: NetName=GND Pin=U1-0
Removed Pin From Net: NetName=GND Pin=U1-0
Removed Pin From Net: NetName=GND Pin=U1-0
Removed Pin From Net: NetName=GND Pin=U1-0
Removed Pin From Net: NetName=GND Pin=U1-0
Removed Pin From Net: NetName=GND Pin=U1-0
Removed Pin From Net: NetName=GND Pin=U1-0
Removed Pin From Net: NetName=GND Pin=U1-0
Removed Pin From Net: NetName=GND Pin=U1-0
Removed Pin From Net: NetName=GND Pin=U1-0
Removed Pin From Net: NetName=GND Pin=U1-0
Removed Pin From Net: NetName=GND Pin=U1-0
Removed Pin From Net: NetName=GND Pin=U1-0
Removed Pin From Net: NetName=GND Pin=U1-0
Removed Pin From Net: NetName=GND Pin=U1-0
Removed Pin From Net: NetName=GND Pin=U1-0
Removed Pin From Net: NetName=GND Pin=U1-0
Removed Pin From Net: NetName=GND Pin=U1-0
Removed Pin From Net: NetName=GND Pin=U1-0
Removed Pin From Net: NetName=GND Pin=U1-0
Removed Pin From Net: NetName=GND Pin=U1-0
Removed Pin From Net: NetName=GND Pin=U1-0
Removed Pin From Net: NetName=GND Pin=U1-0
Removed Pin From Net: NetName=GND Pin=U1-0
Removed Pin From Net: NetName=GND Pin=U1-0
Removed Pin From Net: NetName=GND Pin=U1-0
Removed Pin From Net: NetName=GND Pin=U1-0
Removed Pin From Net: NetName=GND Pin=U1-0
Removed Pin From Net: NetName=GND Pin=U1-0
Removed Pin From Net: NetName=GND Pin=U1-0
Removed Pin From Net: NetName=GND Pin=U1-0
Removed Pin From Net: NetName=GND Pin=U1-0
Removed Pin From Net: NetName=GND Pin=U1-0
Removed Pin From Net: NetName=GND Pin=U1-0
Removed Pin From Net: NetName=GND Pin=U1-0
Removed Pin From Net: NetName=GND Pin=U1-0
Removed Pin From Net: NetName=GND Pin=U1-0
Removed Pin From Net: NetName=GND Pin=U1-0
Removed Pin From Net: NetName=GND Pin=U1-0
Removed Pin From Net: NetName=GND Pin=U1-0
Removed Pin From Net: NetName=GND Pin=U1-0
Removed Pin From Net: NetName=GND Pin=U1-1
Removed Pin From Net: NetName=GND Pin=U1-3
Removed Pin From Net: NetName=GND Pin=U1-12
Removed Pin From Net: NetName=GND Pin=U1-14
Removed Pin From Net: NetName=GND Pin=U1-32
Removed Pin From Net: NetName=3V3 Pin=U1-33
Removed Pin From Net: NetName=3V3 Pin=U1-34
Removed Pin From Net: NetName=3V3 Pin=U1-36
Removed Pin From Net: NetName=GND Pin=U1-37
Removed Pin From Net: NetName=GND Pin=U1-41
Removed Pin From Net: NetName=TXD uB Pin=U1-42
Removed Pin From Net: NetName=RXD uB Pin=U1-43
Removed Pin From Net: NetName=I2C_SDA Pin=U1-44
Removed Pin From Net: NetName=I2C_SCL Pin=U1-45
Removed Pin From Net: NetName=GND Pin=U1-48
Removed Pin From Net: NetName=GND Pin=U2-1
Removed Pin From Net: NetName=3V3 Pin=U3-1
Removed Pin From Net: NetName=I2C_SCL Pin=U3-4
Removed Pin From Net: NetName=GND Pin=U3-5
Removed Pin From Net: NetName=I2C_SDA Pin=U3-6
Removed Pin From Net: NetName=GND Pin=U3-7
Removed Pin From Net: NetName=3V3 Pin=U3-8
Removed Pin From Net: NetName=GND Pin=U3-10
Removed Pin From Net: NetName=GND Pin=U3-12
Removed Pin From Net: NetName=3V3 Pin=U3-14
Removed Pin From Net: NetName=3V3 Pin=U4-1
Removed Pin From Net: NetName=GND Pin=X1-2
Removed Pin From Net: NetName=GND Pin=X1-3
Removed Pin From Net: NetName=GND Pin=X2-A1_B12
Removed Pin From Net: NetName=GND Pin=X2-B1_A12
Removed Pin From Net: NetName=GND Pin=X2-SH1
Removed Pin From Net: NetName=GND Pin=X2-SH2
Removed Pin From Net: NetName=GND Pin=X2-SH3
Removed Pin From Net: NetName=GND Pin=X2-SH4
Removed Member From Class: ClassName=METRO Shield 1.0 Member=C1
Removed Member From Class: ClassName=METRO Shield 1.0 Member=C2
Removed Member From Class: ClassName=METRO Shield 1.0 Member=C3
Removed Member From Class: ClassName=METRO Shield 1.0 Member=C4
Removed Member From Class: ClassName=METRO Shield 1.0 Member=C5
Removed Member From Class: ClassName=METRO Shield 1.0 Member=C6
Removed Member From Class: ClassName=METRO Shield 1.0 Member=C7
Removed Member From Class: ClassName=METRO Shield 1.0 Member=C8
Removed Member From Class: ClassName=METRO Shield 1.0 Member=C11
Removed Member From Class: ClassName=METRO Shield 1.0 Member=D1
Removed Member From Class: ClassName=METRO Shield 1.0 Member=D2
Removed Member From Class: ClassName=METRO Shield 1.0 Member=D3
Removed Member From Class: ClassName=METRO Shield 1.0 Member=L1
Removed Member From Class: ClassName=METRO Shield 1.0 Member=R2
Removed Member From Class: ClassName=METRO Shield 1.0 Member=R3
Removed Member From Class: ClassName=METRO Shield 1.0 Member=R4
Removed Member From Class: ClassName=METRO Shield 1.0 Member=R5
Removed Member From Class: ClassName=METRO Shield 1.0 Member=R6
Removed Member From Class: ClassName=METRO Shield 1.0 Member=R8
Removed Member From Class: ClassName=METRO Shield 1.0 Member=R9
Removed Member From Class: ClassName=METRO Shield 1.0 Member=R10
Removed Member From Class: ClassName=METRO Shield 1.0 Member=U1
Removed Member From Class: ClassName=METRO Shield 1.0 Member=U2
Removed Member From Class: ClassName=METRO Shield 1.0 Member=U3
Removed Member From Class: ClassName=METRO Shield 1.0 Member=U4
Removed Member From Class: ClassName=METRO Shield 1.0 Member=X1
Removed Member From Class: ClassName=METRO Shield 1.0 Member=X2
Change Component Comment : Designator=R1 Old Comment=10 Ohm 0603 New Comment=4.7k Ohm 0603
Change component parameters: Designator = "R1" ("R1"); Footprint = "RES 0603 FOOTPRINT"; UniqueID = "\WIWRXDQI" ("\WIWRXDQI")
Change component parameters (AddParameter): Name = "Bezeichnung"; Value = "R SMD"; VariantName = "[No Variations]"
Change component parameters (AddParameter): Name = "Haendler"; Value = "Mouser"; VariantName = "[No Variations]"
Change component parameters (AddParameter): Name = "Haendler Nr"; Value = "755-ESR03EZPF4701"; VariantName = "[No Variations]"
Change component parameters (AddParameter): Name = "Hersteller"; Value = ""; VariantName = "[No Variations]"
Change component parameters (AddParameter): Name = "Hersteller Nr"; Value = ""; VariantName = "[No Variations]"
Change component parameters (AddParameter): Name = "housing/footprint"; Value = "0603"; VariantName = "[No Variations]"
Change component parameters (AddParameter): Name = "Preis (CHF)"; Value = "0.01"; VariantName = "[No Variations]"
Change component parameters (AddParameter): Name = "Value"; Value = "4.7k"; VariantName = "[No Variations]"
Added Component: Designator=P2(4PIN - RND 205-EK254-2.54-04P)
Add component (AddParameter): Name = "ComponentLink1Description"; Value = "Mouser"; VariantName = "[No Variations]"
Add component (AddParameter): Name = "ComponentLink1URL"; Value = "https://www.mouser.ch/ProductDetail/TE-Connectivity/640453-2?qs=sGAEpiMZZMs%252bGHln7q6pm5E1Eb6qwPl2KIU5TYv3tVY%3d"; VariantName = "[No Variations]"
Add component (AddParameter): Name = "Haendler"; Value = "Distrelec"; VariantName = "[No Variations]"
Add component (AddParameter): Name = "Haendler 2"; Value = ""; VariantName = "[No Variations]"
Add component (AddParameter): Name = "Haendler 2 Nr"; Value = ""; VariantName = "[No Variations]"
Add component (AddParameter): Name = "Haendler Nr"; Value = "301-27-920"; VariantName = "[No Variations]"
Add component (AddParameter): Name = "Hersteller"; Value = "RND"; VariantName = "[No Variations]"
Add component (AddParameter): Name = "Hersteller Nr"; Value = "RND 205-EK254-2.54-04P"; VariantName = "[No Variations]"
Add component (AddParameter): Name = "Preis (CHF)"; Value = "0.60"; VariantName = "[No Variations]"
Added Component: Designator=P3(3PIN - RND 205-EK254-2.54-03P)
Add component (AddParameter): Name = "ComponentLink1Description"; Value = "Mouser"; VariantName = "[No Variations]"
Add component (AddParameter): Name = "ComponentLink1URL"; Value = "https://www.mouser.ch/ProductDetail/TE-Connectivity/640453-2?qs=sGAEpiMZZMs%252bGHln7q6pm5E1Eb6qwPl2KIU5TYv3tVY%3d"; VariantName = "[No Variations]"
Add component (AddParameter): Name = "Haendler"; Value = "Distrelec"; VariantName = "[No Variations]"
Add component (AddParameter): Name = "Haendler 2"; Value = ""; VariantName = "[No Variations]"
Add component (AddParameter): Name = "Haendler 2 Nr"; Value = ""; VariantName = "[No Variations]"
Add component (AddParameter): Name = "Haendler Nr"; Value = "301-27-919"; VariantName = "[No Variations]"
Add component (AddParameter): Name = "Hersteller"; Value = ""; VariantName = "[No Variations]"
Add component (AddParameter): Name = "Hersteller Nr"; Value = ""; VariantName = "[No Variations]"
Add component (AddParameter): Name = "Preis (CHF)"; Value = "0.60"; VariantName = "[No Variations]"
Added Pin To Net: NetName=3V3 Pin=P2-1
Added Pin To Net: NetName=GND Pin=P2-4
Added Pin To Net: NetName=GND Pin=P3-1
Added Pin To Net: NetName=3V3 Pin=P3-3
Added Pin To Net: NetName=DAT_SCALE Pin=CN9-1
Added Pin To Net: NetName=DAT_SCALE Pin=P2-3
Added Net: Name=DAT_SCALE
Added Pin To Net: NetName=DAT_TEMP Pin=CN9-3
Added Pin To Net: NetName=DAT_TEMP Pin=P3-2
Added Pin To Net: NetName=DAT_TEMP Pin=R1-1
Added Net: Name=DAT_TEMP
Added Pin To Net: NetName=SCK SCALE Pin=CN9-2
Added Pin To Net: NetName=SCK SCALE Pin=P2-2
Added Net: Name=SCK SCALE
Change Class Name : Old Net Name=METRO Shield 1.0 New Net Name=Beetech Metro Shield 1.0
Added Member To Class: ClassName=Beetech Metro Shield 1.0 Member=Component P2 4-Pin Right Angle Housing
Added Member To Class: ClassName=Beetech Metro Shield 1.0 Member=Component P3 3-Pin Right Angle Housing
