Added Component: Designator=C1(CAP 0603)
Add component (AddParameter): Name = "Bezeichnung"; Value = ""; VariantName = "[No Variations]"
Add component (AddParameter): Name = "Haendler"; Value = "Mouser"; VariantName = "[No Variations]"
Add component (AddParameter): Name = "Haendler2"; Value = ""; VariantName = "[No Variations]"
Add component (AddParameter): Name = "Haendler2 Nr"; Value = ""; VariantName = "[No Variations]"
Add component (AddParameter): Name = "Haendler Nr"; Value = "603-CC603JRNPO9BN470"; VariantName = "[No Variations]"
Add component (AddParameter): Name = "Hersteller"; Value = "Yaego"; VariantName = "[No Variations]"
Add component (AddParameter): Name = "Hersteller Nr"; Value = "CC0603JRNPO9BN470"; VariantName = "[No Variations]"
Add component (AddParameter): Name = "housing/footprint"; Value = "0603"; VariantName = "[No Variations]"
Add component (AddParameter): Name = "Preis (CHF)"; Value = "0.10"; VariantName = "[No Variations]"
Add component (AddParameter): Name = "Value"; Value = "47pF"; VariantName = "[No Variations]"
Added Component: Designator=C2(CAP 0603)
Add component (AddParameter): Name = "Bezeichnung"; Value = "C SMD"; VariantName = "[No Variations]"
Add component (AddParameter): Name = "Dielektrikum"; Value = "X5R"; VariantName = "[No Variations]"
Add component (AddParameter): Name = "Haendler"; Value = "Mouser"; VariantName = "[No Variations]"
Add component (AddParameter): Name = "Haendler Nr"; Value = "810-C1608X5R1A106K"; VariantName = "[No Variations]"
Add component (AddParameter): Name = "Hersteller"; Value = "TDK"; VariantName = "[No Variations]"
Add component (AddParameter): Name = "Hersteller Nr"; Value = "C1608X5R1A106K080AC"; VariantName = "[No Variations]"
Add component (AddParameter): Name = "housing/footprint"; Value = "0603"; VariantName = "[No Variations]"
Add component (AddParameter): Name = "Preis (CHF)"; Value = "0.5"; VariantName = "[No Variations]"
Add component (AddParameter): Name = "Umax"; Value = "10V"; VariantName = "[No Variations]"
Add component (AddParameter): Name = "Value"; Value = "10uF"; VariantName = "[No Variations]"
Added Component: Designator=C3(CAP 0805)
Add component (AddParameter): Name = "Bezeichnung"; Value = "C SMD"; VariantName = "[No Variations]"
Add component (AddParameter): Name = "Haendler"; Value = "Mouser"; VariantName = "[No Variations]"
Add component (AddParameter): Name = "Haendler Nr"; Value = "80-C0805C226M8P"; VariantName = "[No Variations]"
Add component (AddParameter): Name = "Hersteller"; Value = "KEMET"; VariantName = "[No Variations]"
Add component (AddParameter): Name = "Hersteller Nr"; Value = "C0805C226M8PACTU"; VariantName = "[No Variations]"
Add component (AddParameter): Name = "housing/footprint"; Value = "0805"; VariantName = "[No Variations]"
Add component (AddParameter): Name = "Preis (CHF)"; Value = "0.83"; VariantName = "[No Variations]"
Add component (AddParameter): Name = "Value"; Value = "22uF"; VariantName = "[No Variations]"
Add component (AddParameter): Name = "Volt"; Value = "10V"; VariantName = "[No Variations]"
Added Component: Designator=C4(CAP 0603)
Add component (AddParameter): Name = "Bezeichnung"; Value = "C SMD"; VariantName = "[No Variations]"
Add component (AddParameter): Name = "Dielektrikum"; Value = "X5R"; VariantName = "[No Variations]"
Add component (AddParameter): Name = "Haendler"; Value = "Mouser"; VariantName = "[No Variations]"
Add component (AddParameter): Name = "Haendler Nr"; Value = "810-C1608X5R1A106K"; VariantName = "[No Variations]"
Add component (AddParameter): Name = "Hersteller"; Value = "TDK"; VariantName = "[No Variations]"
Add component (AddParameter): Name = "Hersteller Nr"; Value = "C1608X5R1A106K080AC"; VariantName = "[No Variations]"
Add component (AddParameter): Name = "housing/footprint"; Value = "0603"; VariantName = "[No Variations]"
Add component (AddParameter): Name = "Preis (CHF)"; Value = "0.5"; VariantName = "[No Variations]"
Add component (AddParameter): Name = "Umax"; Value = "10V"; VariantName = "[No Variations]"
Add component (AddParameter): Name = "Value"; Value = "10uF"; VariantName = "[No Variations]"
Added Component: Designator=C5(CAP 0603)
Add component (AddParameter): Name = "Bezeichnung"; Value = "C SMD"; VariantName = "[No Variations]"
Add component (AddParameter): Name = "Haendler"; Value = "Mouser"; VariantName = "[No Variations]"
Add component (AddParameter): Name = "Haendler Nr"; Value = "710-885012206020"; VariantName = "[No Variations]"
Add component (AddParameter): Name = "Hersteller"; Value = "Würth"; VariantName = "[No Variations]"
Add component (AddParameter): Name = "Hersteller Nr"; Value = "885012206020"; VariantName = "[No Variations]"
Add component (AddParameter): Name = "housing/footprint"; Value = "0603"; VariantName = "[No Variations]"
Add component (AddParameter): Name = "Preis (CHF)"; Value = "0.05"; VariantName = "[No Variations]"
Add component (AddParameter): Name = "Umax"; Value = "10V"; VariantName = "[No Variations]"
Add component (AddParameter): Name = "Value"; Value = "100nF"; VariantName = "[No Variations]"
Added Component: Designator=C6(CAP 0603)
Add component (AddParameter): Name = "Bezeichnung"; Value = "C SMD"; VariantName = "[No Variations]"
Add component (AddParameter): Name = "Haendler"; Value = "MOUSER"; VariantName = "[No Variations]"
Add component (AddParameter): Name = "Haendler Nr"; Value = "80-C0603C105K8PLR"; VariantName = "[No Variations]"
Add component (AddParameter): Name = "Hersteller"; Value = "TDK"; VariantName = "[No Variations]"
Add component (AddParameter): Name = "Hersteller Nr"; Value = ""; VariantName = "[No Variations]"
Add component (AddParameter): Name = "housing/footprint"; Value = "0603"; VariantName = "[No Variations]"
Add component (AddParameter): Name = "Preis (CHF)"; Value = "0.03"; VariantName = "[No Variations]"
Add component (AddParameter): Name = "Value"; Value = "1uF"; VariantName = "[No Variations]"
Add component (AddParameter): Name = "Voltage"; Value = "10V"; VariantName = "[No Variations]"
Added Component: Designator=C7(CAP 0603)
Add component (AddParameter): Name = "Bezeichnung"; Value = "C SMD"; VariantName = "[No Variations]"
Add component (AddParameter): Name = "Haendler"; Value = "MOUSER"; VariantName = "[No Variations]"
Add component (AddParameter): Name = "Haendler Nr"; Value = "80-C0603C105K8PLR"; VariantName = "[No Variations]"
Add component (AddParameter): Name = "Hersteller"; Value = "TDK"; VariantName = "[No Variations]"
Add component (AddParameter): Name = "Hersteller Nr"; Value = ""; VariantName = "[No Variations]"
Add component (AddParameter): Name = "housing/footprint"; Value = "0603"; VariantName = "[No Variations]"
Add component (AddParameter): Name = "Preis (CHF)"; Value = "0.03"; VariantName = "[No Variations]"
Add component (AddParameter): Name = "Value"; Value = "1uF"; VariantName = "[No Variations]"
Add component (AddParameter): Name = "Voltage"; Value = "10V"; VariantName = "[No Variations]"
Added Component: Designator=C8(CAP 0603)
Add component (AddParameter): Name = "Bezeichnung"; Value = "C SMD"; VariantName = "[No Variations]"
Add component (AddParameter): Name = "Haendler"; Value = "Mouser"; VariantName = "[No Variations]"
Add component (AddParameter): Name = "Haendler Nr"; Value = "710-885012206020"; VariantName = "[No Variations]"
Add component (AddParameter): Name = "Hersteller"; Value = "Würth"; VariantName = "[No Variations]"
Add component (AddParameter): Name = "Hersteller Nr"; Value = "885012206020"; VariantName = "[No Variations]"
Add component (AddParameter): Name = "housing/footprint"; Value = "0603"; VariantName = "[No Variations]"
Add component (AddParameter): Name = "Preis (CHF)"; Value = "0.05"; VariantName = "[No Variations]"
Add component (AddParameter): Name = "Umax"; Value = "10V"; VariantName = "[No Variations]"
Add component (AddParameter): Name = "Value"; Value = "100nF"; VariantName = "[No Variations]"
Added Component: Designator=C9(CAP 0603 - OUTLINE)
Add component (AddParameter): Name = "Bezeichnung"; Value = "C SMD"; VariantName = "[No Variations]"
Add component (AddParameter): Name = "Dielektrikum"; Value = "X5R"; VariantName = "[No Variations]"
Add component (AddParameter): Name = "Haendler"; Value = "Mouser"; VariantName = "[No Variations]"
Add component (AddParameter): Name = "Haendler Nr"; Value = "810-C1608X5R1A106K"; VariantName = "[No Variations]"
Add component (AddParameter): Name = "Hersteller"; Value = "TDK"; VariantName = "[No Variations]"
Add component (AddParameter): Name = "Hersteller Nr"; Value = "C1608X5R1A106K080AC"; VariantName = "[No Variations]"
Add component (AddParameter): Name = "housing/footprint"; Value = "0603"; VariantName = "[No Variations]"
Add component (AddParameter): Name = "Preis (CHF)"; Value = "0.5"; VariantName = "[No Variations]"
Add component (AddParameter): Name = "Umax"; Value = "10V"; VariantName = "[No Variations]"
Add component (AddParameter): Name = "Value"; Value = "10uF"; VariantName = "[No Variations]"
Added Component: Designator=C10(CAP 0603 - OUTLINE)
Add component (AddParameter): Name = "Bezeichnung"; Value = "C SMD"; VariantName = "[No Variations]"
Add component (AddParameter): Name = "Dielektrikum"; Value = "X5R"; VariantName = "[No Variations]"
Add component (AddParameter): Name = "Haendler"; Value = "Mouser"; VariantName = "[No Variations]"
Add component (AddParameter): Name = "Haendler Nr"; Value = "810-C1608X5R1A106K"; VariantName = "[No Variations]"
Add component (AddParameter): Name = "Hersteller"; Value = "TDK"; VariantName = "[No Variations]"
Add component (AddParameter): Name = "Hersteller Nr"; Value = "C1608X5R1A106K080AC"; VariantName = "[No Variations]"
Add component (AddParameter): Name = "housing/footprint"; Value = "0603"; VariantName = "[No Variations]"
Add component (AddParameter): Name = "Preis (CHF)"; Value = "0.5"; VariantName = "[No Variations]"
Add component (AddParameter): Name = "Umax"; Value = "10V"; VariantName = "[No Variations]"
Add component (AddParameter): Name = "Value"; Value = "10uF"; VariantName = "[No Variations]"
Added Component: Designator=C11(CAP 0603 - OUTLINE)
Add component (AddParameter): Name = "Bezeichnung"; Value = "C SMD"; VariantName = "[No Variations]"
Add component (AddParameter): Name = "Dielektrikum"; Value = "X5R"; VariantName = "[No Variations]"
Add component (AddParameter): Name = "Haendler"; Value = "Mouser"; VariantName = "[No Variations]"
Add component (AddParameter): Name = "Haendler Nr"; Value = "810-C1608X5R1A106K"; VariantName = "[No Variations]"
Add component (AddParameter): Name = "Hersteller"; Value = "TDK"; VariantName = "[No Variations]"
Add component (AddParameter): Name = "Hersteller Nr"; Value = "C1608X5R1A106K080AC"; VariantName = "[No Variations]"
Add component (AddParameter): Name = "housing/footprint"; Value = "0603"; VariantName = "[No Variations]"
Add component (AddParameter): Name = "Preis (CHF)"; Value = "0.5"; VariantName = "[No Variations]"
Add component (AddParameter): Name = "Umax"; Value = "10V"; VariantName = "[No Variations]"
Add component (AddParameter): Name = "Value"; Value = "10uF"; VariantName = "[No Variations]"
Added Component: Designator=C12(CAP 0603 - OUTLINE)
Add component (AddParameter): Name = "Bezeichnung"; Value = "C SMD"; VariantName = "[No Variations]"
Add component (AddParameter): Name = "Dielektrikum"; Value = "X5R"; VariantName = "[No Variations]"
Add component (AddParameter): Name = "Haendler"; Value = "Mouser"; VariantName = "[No Variations]"
Add component (AddParameter): Name = "Haendler Nr"; Value = "810-C1608X5R1A106K"; VariantName = "[No Variations]"
Add component (AddParameter): Name = "Hersteller"; Value = "TDK"; VariantName = "[No Variations]"
Add component (AddParameter): Name = "Hersteller Nr"; Value = "C1608X5R1A106K080AC"; VariantName = "[No Variations]"
Add component (AddParameter): Name = "housing/footprint"; Value = "0603"; VariantName = "[No Variations]"
Add component (AddParameter): Name = "Preis (CHF)"; Value = "0.5"; VariantName = "[No Variations]"
Add component (AddParameter): Name = "Umax"; Value = "10V"; VariantName = "[No Variations]"
Add component (AddParameter): Name = "Value"; Value = "10uF"; VariantName = "[No Variations]"
Added Component: Designator=CN5(10PIN - III)
Add component (AddParameter): Name = "Haendler"; Value = "Mouser"; VariantName = "[No Variations]"
Add component (AddParameter): Name = "Haendler2"; Value = ""; VariantName = "[No Variations]"
Add component (AddParameter): Name = "Haendler2 Nr"; Value = ""; VariantName = "[No Variations]"
Add component (AddParameter): Name = "Haendler Nr"; Value = "200-TLW11006GS"; VariantName = "[No Variations]"
Add component (AddParameter): Name = "Hersteller"; Value = "Samtec"; VariantName = "[No Variations]"
Add component (AddParameter): Name = "Hersteller Nr"; Value = "TLW-110-06-G-S"; VariantName = "[No Variations]"
Add component (AddParameter): Name = "Preis (CHF)"; Value = "2.2"; VariantName = "[No Variations]"
Added Component: Designator=CN6(8 PIN - Stiftleiste)
Add component (AddParameter): Name = "Haendler"; Value = "Mouser"; VariantName = "[No Variations]"
Add component (AddParameter): Name = "Haendler2"; Value = "Farnell"; VariantName = "[No Variations]"
Add component (AddParameter): Name = "Haendler2 Nr"; Value = "2856894"; VariantName = "[No Variations]"
Add component (AddParameter): Name = "Haendler Nr"; Value = "200-TLW10806TS"; VariantName = "[No Variations]"
Add component (AddParameter): Name = "Link"; Value = "https://www.mouser.ch/Connectors/Headers-Wire-Housings/_/N-ay0lo?P=1ytkls2&Keyword=tlw-108&FS=True"; VariantName = "[No Variations]"
Add component (AddParameter): Name = "Preis (CHF)"; Value = "1.06"; VariantName = "[No Variations]"
Added Component: Designator=CN8(6PIN)
Add component (AddParameter): Name = "LatestRevisionDate"; Value = "17-Jul-2002"; VariantName = "[No Variations]"
Add component (AddParameter): Name = "LatestRevisionNote"; Value = "Re-released for DXP Platform."; VariantName = "[No Variations]"
Add component (AddParameter): Name = "Publisher"; Value = "Altium Limited"; VariantName = "[No Variations]"
Added Component: Designator=CN9(8 PIN - Stiftleiste)
Add component (AddParameter): Name = "Haendler"; Value = "Mouser"; VariantName = "[No Variations]"
Add component (AddParameter): Name = "Haendler2"; Value = "Farnell"; VariantName = "[No Variations]"
Add component (AddParameter): Name = "Haendler2 Nr"; Value = "2856894"; VariantName = "[No Variations]"
Add component (AddParameter): Name = "Haendler Nr"; Value = "200-TLW10806TS"; VariantName = "[No Variations]"
Add component (AddParameter): Name = "Link"; Value = "https://www.mouser.ch/Connectors/Headers-Wire-Housings/_/N-ay0lo?P=1ytkls2&Keyword=tlw-108&FS=True"; VariantName = "[No Variations]"
Add component (AddParameter): Name = "Preis (CHF)"; Value = "1.06"; VariantName = "[No Variations]"
Added Component: Designator=D1(LED SMD 0603 FOOTPRINT)
Add component (AddParameter): Name = "COLOR"; Value = "BLUE"; VariantName = "[No Variations]"
Add component (AddParameter): Name = "Forward Voltage"; Value = "2.65v"; VariantName = "[No Variations]"
Add component (AddParameter): Name = "Haendler"; Value = "Mouser"; VariantName = "[No Variations]"
Add component (AddParameter): Name = "Haendler Nr"; Value = "604-APT1608LVBCD"; VariantName = "[No Variations]"
Add component (AddParameter): Name = "Hersteller"; Value = "Knightbright"; VariantName = "[No Variations]"
Add component (AddParameter): Name = "Hersteller NR"; Value = "APT1608LVBC/D"; VariantName = "[No Variations]"
Add component (AddParameter): Name = "If"; Value = "2mA"; VariantName = "[No Variations]"
Add component (AddParameter): Name = "Link"; Value = "https://www.mouser.ch/ProductDetail/Kingbright/APT1608LVBC-D?qs=sGAEpiMZZMuCm2JlHBGefkORPgrtEizykCFNBGYC3wJYND9tUwO9bA%3d%3d"; VariantName = "[No Variations]"
Add component (AddParameter): Name = "Preis (CHF)"; Value = "0.38"; VariantName = "[No Variations]"
Added Component: Designator=D2(SOT23 - 3)
Add component (AddParameter): Name = "Bezeichnung"; Value = "Schottkydiode BAT721C"; VariantName = "[No Variations]"
Add component (AddParameter): Name = "Haendler"; Value = "Mouser"; VariantName = "[No Variations]"
Add component (AddParameter): Name = "Haendler2"; Value = "Digikey"; VariantName = "[No Variations]"
Add component (AddParameter): Name = "Haendler2 Nr"; Value = "1727-3573-1-ND"; VariantName = "[No Variations]"
Add component (AddParameter): Name = "Haendler3"; Value = "Farnell"; VariantName = "[No Variations]"
Add component (AddParameter): Name = "Haendler3 Nr"; Value = "1081199"; VariantName = "[No Variations]"
Add component (AddParameter): Name = "Haendler Nr"; Value = "771-BAT721C-T/R"; VariantName = "[No Variations]"
Add component (AddParameter): Name = "If"; Value = "200mA"; VariantName = "[No Variations]"
Add component (AddParameter): Name = "link"; Value = "http://ch.farnell.com/nexperia/bat721c/schottky-diode-2fach/dp/1081199"; VariantName = "[No Variations]"
Add component (AddParameter): Name = "PackageDescription"; Value = "SOT 23"; VariantName = "[No Variations]"
Add component (AddParameter): Name = "Uf"; Value = "300mV"; VariantName = "[No Variations]"
Added Component: Designator=D3(LED SMD 0603 FOOTPRINT)
Add component (AddParameter): Name = "COLOR"; Value = "GREEN"; VariantName = "[No Variations]"
Add component (AddParameter): Name = "Forward Voltage"; Value = "2.65"; VariantName = "[No Variations]"
Add component (AddParameter): Name = "Haendler"; Value = "Mouser"; VariantName = "[No Variations]"
Add component (AddParameter): Name = "Haendler Nr"; Value = "604-APT1608LZGCK"; VariantName = "[No Variations]"
Add component (AddParameter): Name = "Hersteller"; Value = "Knightbright"; VariantName = "[No Variations]"
Add component (AddParameter): Name = "Hersteller NR"; Value = "APT1608LZGCK"; VariantName = "[No Variations]"
Add component (AddParameter): Name = "If"; Value = "2mA"; VariantName = "[No Variations]"
Add component (AddParameter): Name = "Link"; Value = "http://ch.farnell.com/kingbright/kpt-1608lvzgck/led-gr-n-50mcd-525nm-smd/dp/2610409"; VariantName = "[No Variations]"
Add component (AddParameter): Name = "Preis (CHF)"; Value = "0.321"; VariantName = "[No Variations]"
Added Component: Designator=L1(RES 0603 Footprint)
Add component (AddParameter): Name = "Bezeichnung"; Value = "L SMD"; VariantName = "[No Variations]"
Add component (AddParameter): Name = "Haendler"; Value = "Mouser"; VariantName = "[No Variations]"
Add component (AddParameter): Name = "Haendler Nr"; Value = "810-MLJ1608WR10JT000"; VariantName = "[No Variations]"
Add component (AddParameter): Name = "Hersteller"; Value = "TDK"; VariantName = "[No Variations]"
Add component (AddParameter): Name = "Hersteller Nr"; Value = "MLJ1608WR10JT000"; VariantName = "[No Variations]"
Add component (AddParameter): Name = "link"; Value = ""; VariantName = "[No Variations]"
Add component (AddParameter): Name = "Preis (CHF)"; Value = "0.5"; VariantName = "[No Variations]"
Add component (AddParameter): Name = "Value"; Value = "100nH"; VariantName = "[No Variations]"
Added Component: Designator=P1(UDFN8 3.0x2.0 CAT24C512HU5IGT3)
Add component (AddParameter): Name = "Datasheet"; Value = "https://www.mouser.ch/ProductDetail/onsemi/CAT24C512HU5IGT3?qs=5C9Q4QJFsuOiuCBGwG%2FnpA%3D%3D"; VariantName = "[No Variations]"
Add component (AddParameter): Name = "Haendler"; Value = "Mouser"; VariantName = "[No Variations]"
Add component (AddParameter): Name = "Haendler Nr"; Value = "863-CAT24C512HU5IGT3"; VariantName = "[No Variations]"
Add component (AddParameter): Name = "Hersteller"; Value = "ON SEMICONDUCTOR"; VariantName = "[No Variations]"
Add component (AddParameter): Name = "Hersteller Nr"; Value = "CAT24C512HU5IGT3"; VariantName = "[No Variations]"
Add component (AddParameter): Name = "Preis (CHF)"; Value = "0.8"; VariantName = "[No Variations]"
Added Component: Designator=R1(RES 0603 FOOTPRINT)
Add component (AddParameter): Name = "Bezeichnung"; Value = "R SMD"; VariantName = "[No Variations]"
Add component (AddParameter): Name = "Haendler"; Value = "Mouser"; VariantName = "[No Variations]"
Add component (AddParameter): Name = "Haendler Nr"; Value = "755-ESR03EZPF10R0"; VariantName = "[No Variations]"
Add component (AddParameter): Name = "Hersteller"; Value = ""; VariantName = "[No Variations]"
Add component (AddParameter): Name = "Hersteller Nr"; Value = ""; VariantName = "[No Variations]"
Add component (AddParameter): Name = "housing/footprint"; Value = "0603"; VariantName = "[No Variations]"
Add component (AddParameter): Name = "Preis (CHF)"; Value = "0.01"; VariantName = "[No Variations]"
Add component (AddParameter): Name = "Value"; Value = "10"; VariantName = "[No Variations]"
Added Component: Designator=R2(RES 0603 FOOTPRINT)
Add component (AddParameter): Name = "Bezeichnung"; Value = "R SMD"; VariantName = "[No Variations]"
Add component (AddParameter): Name = "Haendler"; Value = "Mouser"; VariantName = "[No Variations]"
Add component (AddParameter): Name = "Haendler Nr"; Value = "603-RC0603FR-07330RL"; VariantName = "[No Variations]"
Add component (AddParameter): Name = "Hersteller"; Value = ""; VariantName = "[No Variations]"
Add component (AddParameter): Name = "Hersteller Nr"; Value = ""; VariantName = "[No Variations]"
Add component (AddParameter): Name = "housing/footprint"; Value = "0603"; VariantName = "[No Variations]"
Add component (AddParameter): Name = "Preis (CHF)"; Value = "0.01"; VariantName = "[No Variations]"
Add component (AddParameter): Name = "Value"; Value = "330"; VariantName = "[No Variations]"
Added Component: Designator=R3(RES 0603 FOOTPRINT)
Add component (AddParameter): Name = "Bezeichnung"; Value = "R SMD"; VariantName = "[No Variations]"
Add component (AddParameter): Name = "Haendler"; Value = "Mouser"; VariantName = "[No Variations]"
Add component (AddParameter): Name = "Haendler Nr"; Value = "603-AC0603FR-0710KL"; VariantName = "[No Variations]"
Add component (AddParameter): Name = "Hersteller"; Value = "Yageo"; VariantName = "[No Variations]"
Add component (AddParameter): Name = "Hersteller Nr"; Value = "AC0603FR-0710KL"; VariantName = "[No Variations]"
Add component (AddParameter): Name = "housing/footprint"; Value = "0603"; VariantName = "[No Variations]"
Add component (AddParameter): Name = "Preis (CHF)"; Value = "0.01"; VariantName = "[No Variations]"
Add component (AddParameter): Name = "Value"; Value = "10k"; VariantName = "[No Variations]"
Added Component: Designator=R4(RES 0603 FOOTPRINT)
Add component (AddParameter): Name = "Bezeichnung"; Value = "R SMD"; VariantName = "[No Variations]"
Add component (AddParameter): Name = "Haendler"; Value = "Mouser"; VariantName = "[No Variations]"
Add component (AddParameter): Name = "Haendler2"; Value = ""; VariantName = "[No Variations]"
Add component (AddParameter): Name = "Haendler2 Nr"; Value = ""; VariantName = "[No Variations]"
Add component (AddParameter): Name = "Haendler Nr"; Value = "667-ERJ-3EKF5101V"; VariantName = "[No Variations]"
Add component (AddParameter): Name = "Hersteller"; Value = ""; VariantName = "[No Variations]"
Add component (AddParameter): Name = "Hersteller Nr"; Value = ""; VariantName = "[No Variations]"
Add component (AddParameter): Name = "housing/footprint"; Value = "0603"; VariantName = "[No Variations]"
Add component (AddParameter): Name = "Preis (CHF)"; Value = "0.01"; VariantName = "[No Variations]"
Add component (AddParameter): Name = "Value"; Value = "5.1k"; VariantName = "[No Variations]"
Added Component: Designator=R5(RES 0603 FOOTPRINT)
Add component (AddParameter): Name = "Bezeichnung"; Value = "R SMD"; VariantName = "[No Variations]"
Add component (AddParameter): Name = "Haendler"; Value = "Mouser"; VariantName = "[No Variations]"
Add component (AddParameter): Name = "Haendler Nr"; Value = "603-RC0603FR-07330RL"; VariantName = "[No Variations]"
Add component (AddParameter): Name = "Hersteller"; Value = ""; VariantName = "[No Variations]"
Add component (AddParameter): Name = "Hersteller Nr"; Value = ""; VariantName = "[No Variations]"
Add component (AddParameter): Name = "housing/footprint"; Value = "0603"; VariantName = "[No Variations]"
Add component (AddParameter): Name = "Preis (CHF)"; Value = "0.01"; VariantName = "[No Variations]"
Add component (AddParameter): Name = "Value"; Value = "330"; VariantName = "[No Variations]"
Added Component: Designator=R6(RES 0603 FOOTPRINT)
Add component (AddParameter): Name = "Bezeichnung"; Value = "R SMD"; VariantName = "[No Variations]"
Add component (AddParameter): Name = "Haendler"; Value = "Mouser"; VariantName = "[No Variations]"
Add component (AddParameter): Name = "Haendler2"; Value = ""; VariantName = "[No Variations]"
Add component (AddParameter): Name = "Haendler2 Nr"; Value = ""; VariantName = "[No Variations]"
Add component (AddParameter): Name = "Haendler Nr"; Value = "667-ERJ-3EKF5101V"; VariantName = "[No Variations]"
Add component (AddParameter): Name = "Hersteller"; Value = ""; VariantName = "[No Variations]"
Add component (AddParameter): Name = "Hersteller Nr"; Value = ""; VariantName = "[No Variations]"
Add component (AddParameter): Name = "housing/footprint"; Value = "0603"; VariantName = "[No Variations]"
Add component (AddParameter): Name = "Preis (CHF)"; Value = "0.01"; VariantName = "[No Variations]"
Add component (AddParameter): Name = "Value"; Value = "5.1k"; VariantName = "[No Variations]"
Added Component: Designator=R7(RES 0402 FOOTPRINT - OUTLINE)
Add component (AddParameter): Name = "Bezeichnung"; Value = "R SMD"; VariantName = "[No Variations]"
Add component (AddParameter): Name = "Haendler"; Value = "MOUSER"; VariantName = "[No Variations]"
Add component (AddParameter): Name = "Haendler Nr"; Value = "667-ERJ-S02F1002X"; VariantName = "[No Variations]"
Add component (AddParameter): Name = "Hersteller"; Value = "PANASONIC"; VariantName = "[No Variations]"
Add component (AddParameter): Name = "Hersteller Nr"; Value = "ERJ-S02F1002X"; VariantName = "[No Variations]"
Add component (AddParameter): Name = "housing/footprint"; Value = "0402"; VariantName = "[No Variations]"
Add component (AddParameter): Name = "Preis (CHF)"; Value = "0.1"; VariantName = "[No Variations]"
Add component (AddParameter): Name = "Value"; Value = "10k"; VariantName = "[No Variations]"
Added Component: Designator=R8(RES 0603 FOOTPRINT)
Add component (AddParameter): Name = "Bezeichnung"; Value = "R SMD"; VariantName = "[No Variations]"
Add component (AddParameter): Name = "Haendler"; Value = "Mouser"; VariantName = "[No Variations]"
Add component (AddParameter): Name = "Haendler Nr"; Value = "603-AC0603FR-0747KL"; VariantName = "[No Variations]"
Add component (AddParameter): Name = "Hersteller"; Value = "Yageo"; VariantName = "[No Variations]"
Add component (AddParameter): Name = "Hersteller Nr"; Value = "AC0603FR-0747KL"; VariantName = "[No Variations]"
Add component (AddParameter): Name = "housing/footprint"; Value = "0603"; VariantName = "[No Variations]"
Add component (AddParameter): Name = "Preis (CHF)"; Value = "0.01"; VariantName = "[No Variations]"
Add component (AddParameter): Name = "Value"; Value = "47k"; VariantName = "[No Variations]"
Added Component: Designator=R9(RES 0603 FOOTPRINT)
Add component (AddParameter): Name = "Bezeichnung"; Value = "R SMD"; VariantName = "[No Variations]"
Add component (AddParameter): Name = "Haendler"; Value = "Mouser"; VariantName = "[No Variations]"
Add component (AddParameter): Name = "Haendler2"; Value = "Farnell"; VariantName = "[No Variations]"
Add component (AddParameter): Name = "Haendler2 Nr"; Value = "2447301"; VariantName = "[No Variations]"
Add component (AddParameter): Name = "HAendler Nr"; Value = "603-RC0603FR-0722RL"; VariantName = "[No Variations]"
Add component (AddParameter): Name = "Hersteller"; Value = ""; VariantName = "[No Variations]"
Add component (AddParameter): Name = "Hersteller Nr"; Value = ""; VariantName = "[No Variations]"
Add component (AddParameter): Name = "housing/footprint"; Value = "0603"; VariantName = "[No Variations]"
Add component (AddParameter): Name = "Preis (CHF)"; Value = "0.01"; VariantName = "[No Variations]"
Add component (AddParameter): Name = "Value"; Value = "22"; VariantName = "[No Variations]"
Added Component: Designator=R10(RES 0603 FOOTPRINT)
Add component (AddParameter): Name = "Bezeichnung"; Value = "R SMD"; VariantName = "[No Variations]"
Add component (AddParameter): Name = "Haendler"; Value = "Mouser"; VariantName = "[No Variations]"
Add component (AddParameter): Name = "Haendler2"; Value = "Farnell"; VariantName = "[No Variations]"
Add component (AddParameter): Name = "Haendler2 Nr"; Value = "2447301"; VariantName = "[No Variations]"
Add component (AddParameter): Name = "HAendler Nr"; Value = "603-RC0603FR-0722RL"; VariantName = "[No Variations]"
Add component (AddParameter): Name = "Hersteller"; Value = ""; VariantName = "[No Variations]"
Add component (AddParameter): Name = "Hersteller Nr"; Value = ""; VariantName = "[No Variations]"
Add component (AddParameter): Name = "housing/footprint"; Value = "0603"; VariantName = "[No Variations]"
Add component (AddParameter): Name = "Preis (CHF)"; Value = "0.01"; VariantName = "[No Variations]"
Add component (AddParameter): Name = "Value"; Value = "22"; VariantName = "[No Variations]"
Added Component: Designator=R11(RES 0402 FOOTPRINT - OUTLINE)
Add component (AddParameter): Name = "Bezeichnung"; Value = "R SMD"; VariantName = "[No Variations]"
Add component (AddParameter): Name = "Haendler"; Value = "MOUSER"; VariantName = "[No Variations]"
Add component (AddParameter): Name = "Haendler Nr"; Value = "667-ERJ-S02F1002X"; VariantName = "[No Variations]"
Add component (AddParameter): Name = "Hersteller"; Value = "PANASONIC"; VariantName = "[No Variations]"
Add component (AddParameter): Name = "Hersteller Nr"; Value = "ERJ-S02F1002X"; VariantName = "[No Variations]"
Add component (AddParameter): Name = "housing/footprint"; Value = "0402"; VariantName = "[No Variations]"
Add component (AddParameter): Name = "Preis (CHF)"; Value = "0.1"; VariantName = "[No Variations]"
Add component (AddParameter): Name = "Value"; Value = "10k"; VariantName = "[No Variations]"
Added Component: Designator=U1(uBlox ZED-F9P)
Add component (AddParameter): Name = "Bezeichnung"; Value = "U-Blox ZED-F9P-00B-02"; VariantName = "[No Variations]"
Add component (AddParameter): Name = "Haendler"; Value = "Digikey"; VariantName = "[No Variations]"
Add component (AddParameter): Name = "Haendler Nr"; Value = "672-1212-1-ND"; VariantName = "[No Variations]"
Add component (AddParameter): Name = "Hersteller"; Value = "uBlox"; VariantName = "[No Variations]"
Add component (AddParameter): Name = "Hersteller Nr."; Value = "ZED-F9P"; VariantName = "[No Variations]"
Add component (AddParameter): Name = "Preis (CHF)"; Value = "162"; VariantName = "[No Variations]"
Added Component: Designator=U2(SOT23 - 3)
Add component (AddParameter): Name = "Code_JEDEC"; Value = "SOT 23-3"; VariantName = "[No Variations]"
Add component (AddParameter): Name = "Haendler"; Value = "Mouser"; VariantName = "[No Variations]"
Add component (AddParameter): Name = "Haendler2"; Value = ""; VariantName = "[No Variations]"
Add component (AddParameter): Name = "Haendler2 Nr"; Value = ""; VariantName = "[No Variations]"
Add component (AddParameter): Name = "Haendler Nr"; Value = "595-TPS7A0533PDBZR"; VariantName = "[No Variations]"
Add component (AddParameter): Name = "Hersteller Typ"; Value = "TPS7A0533PDBZR"; VariantName = "[No Variations]"
Add component (AddParameter): Name = "Preis (CHF)"; Value = "0.62"; VariantName = "[No Variations]"
Added Component: Designator=U3(LIS3DH STM accelerometer)
Add component (AddParameter): Name = "Datasheet"; Value = "https://www.mouser.ch/datasheet/2/389/lis3dh-955037.pdf"; VariantName = "[No Variations]"
Add component (AddParameter): Name = "Haendler"; Value = "MOUSER"; VariantName = "[No Variations]"
Add component (AddParameter): Name = "Haendler Nr"; Value = "511-LIS3DHTR"; VariantName = "[No Variations]"
Add component (AddParameter): Name = "Hersteller"; Value = "ST"; VariantName = "[No Variations]"
Add component (AddParameter): Name = "Hersteller Nr"; Value = "LIS3DHTR"; VariantName = "[No Variations]"
Add component (AddParameter): Name = "Link"; Value = "https://www.mouser.ch/ProductDetail/STMicroelectronics/LIS3DHTR?qs=sGAEpiMZZMunSJzOHbijlnGJWAJ%252balAS"; VariantName = "[No Variations]"
Add component (AddParameter): Name = "Preis (CHF)"; Value = "1.45"; VariantName = "[No Variations]"
Added Component: Designator=U4(DFNW8 3X3 - Part NCV8705)
Add component (AddParameter): Name = "Bezeichnung"; Value = "NCV8705ML33TCG"; VariantName = "[No Variations]"
Add component (AddParameter): Name = "Datasheet"; Value = "https://www.mouser.ch/datasheet/2/308/NCV8705-D-467891.pdf"; VariantName = "[No Variations]"
Add component (AddParameter): Name = "Haendler"; Value = "Mouser"; VariantName = "[No Variations]"
Add component (AddParameter): Name = "Haendler2"; Value = ""; VariantName = "[No Variations]"
Add component (AddParameter): Name = "Haendler2 Nr"; Value = ""; VariantName = "[No Variations]"
Add component (AddParameter): Name = "Haendler Link"; Value = "https://www.mouser.ch/ProductDetail/ON-Semiconductor/NCV8705ML33TCG?qs=sGAEpiMZZMve4%2fbfQkoj%252bF1YZCGsKgqiHH446mFBV9o%3d"; VariantName = "[No Variations]"
Add component (AddParameter): Name = "Haendler Nr"; Value = "863-NCV8705ML33TCG"; VariantName = "[No Variations]"
Add component (AddParameter): Name = "Hersteller"; Value = "ON SEMICONDUCTOR"; VariantName = "[No Variations]"
Add component (AddParameter): Name = "Hersteller Nr"; Value = "NCV8705ML33TCG"; VariantName = "[No Variations]"
Add component (AddParameter): Name = "Preis (CHF)"; Value = "0.9"; VariantName = "[No Variations]"
Added Component: Designator=U5(OLED 1.3 128x64 I2C)
Add component (AddParameter): Name = "Chip"; Value = "SSD1306 I2C"; VariantName = "[No Variations]"
Add component (AddParameter): Name = "Datasheet"; Value = ""; VariantName = "[No Variations]"
Add component (AddParameter): Name = "Haendler"; Value = "Aliexpress"; VariantName = "[No Variations]"
Add component (AddParameter): Name = "Haendler Nr"; Value = "OLED I2C 128x64"; VariantName = "[No Variations]"
Add component (AddParameter): Name = "Hersteller"; Value = ""; VariantName = "[No Variations]"
Add component (AddParameter): Name = "Hersteller Nr"; Value = ""; VariantName = "[No Variations]"
Add component (AddParameter): Name = "Link"; Value = "https://de.aliexpress.com/item/1005008365029314.html?gatewayAdapt=glo2deu#nav-specification"; VariantName = "[No Variations]"
Add component (AddParameter): Name = "Preis (CHF)"; Value = "2"; VariantName = "[No Variations]"
Added Component: Designator=X1(U.FL)
Add component (AddParameter): Name = "Datasheet"; Value = "http://www.farnell.com/datasheets/91524.pdf"; VariantName = "[No Variations]"
Add component (AddParameter): Name = "Haendler"; Value = "Mouser"; VariantName = "[No Variations]"
Add component (AddParameter): Name = "Haendler2"; Value = "Farnell"; VariantName = "[No Variations]"
Add component (AddParameter): Name = "Haendler2 Nr"; Value = "1688077"; VariantName = "[No Variations]"
Add component (AddParameter): Name = "Haendler Nr"; Value = "798-U.FL-R-SMT-110"; VariantName = "[No Variations]"
Add component (AddParameter): Name = "Hersteller"; Value = "Hirose"; VariantName = "[No Variations]"
Add component (AddParameter): Name = "Hersteller Nr"; Value = "U.FL-R-SMT-1(10)"; VariantName = "[No Variations]"
Add component (AddParameter): Name = "Preis (CHF)"; Value = "0.8"; VariantName = "[No Variations]"
Added Component: Designator=X2(USB - C  Ampenol 12402012E212A)
Add component (AddParameter): Name = "Haendler"; Value = "Digikey"; VariantName = "[No Variations]"
Add component (AddParameter): Name = "Haendler2"; Value = ""; VariantName = "[No Variations]"
Add component (AddParameter): Name = "Haendler Nr"; Value = "664-12402012E212ACT-ND"; VariantName = "[No Variations]"
Add component (AddParameter): Name = "Haendler Nr2"; Value = ""; VariantName = "[No Variations]"
Add component (AddParameter): Name = "Hersteller"; Value = "Amphenol ICC"; VariantName = "[No Variations]"
Add component (AddParameter): Name = "Hersteller Nr"; Value = "12402012E212A"; VariantName = "[No Variations]"
Add component (AddParameter): Name = "Link"; Value = "https://www.amphenol-cs.com/usb2-0-12402012e212a.html"; VariantName = "[No Variations]"
Add component (AddParameter): Name = "Preis (CHF)"; Value = "0.9"; VariantName = "[No Variations]"
Added Component: Designator=X3(SD Card Holder - micro - 4)
Add component (AddParameter): Name = "Haendler"; Value = "Mouser"; VariantName = "[No Variations]"
Add component (AddParameter): Name = "Haendler2"; Value = "Digikey"; VariantName = "[No Variations]"
Add component (AddParameter): Name = "Haendler2 Nr"; Value = "2073-MEM2075-00-140-01-ATR-ND"; VariantName = "[No Variations]"
Add component (AddParameter): Name = "Haendler Nr"; Value = "640-MEM20750014001A"; VariantName = "[No Variations]"
Add component (AddParameter): Name = "Hersteller"; Value = "GCT"; VariantName = "[No Variations]"
Add component (AddParameter): Name = "Hersteller Nr"; Value = "MEM2075-00-140-01-A"; VariantName = "[No Variations]"
Add component (AddParameter): Name = "Preis (CHF)"; Value = "1.6"; VariantName = "[No Variations]"
Added Component: Designator=X5(QWIIC JST CONNECTOR - SMD 4-PIN)
Add component (AddParameter): Name = "Haendler"; Value = "Mouser"; VariantName = "[No Variations]"
Add component (AddParameter): Name = "Haendler2"; Value = "Digikey"; VariantName = "[No Variations]"
Add component (AddParameter): Name = "Haendler2 Nr"; Value = "455-SM04B-SRSS-TBCT-ND"; VariantName = "[No Variations]"
Add component (AddParameter): Name = "Haendler2 Nr 2"; Value = "455-SM04B-SRSS-TBCT-ND"; VariantName = "[No Variations]"
Add component (AddParameter): Name = "Haendler Nr"; Value = "306-SM04BSRSSTBLFSN"; VariantName = "[No Variations]"
Add component (AddParameter): Name = "Hersteller"; Value = "Molex"; VariantName = "[No Variations]"
Add component (AddParameter): Name = "Hersteller Nr"; Value = "SM04B-SRSS-TB"; VariantName = "[No Variations]"
Add component (AddParameter): Name = "Link"; Value = "https://cdn-learn.adafruit.com/downloads/pdf/introducing-adafruit-stemma-qt.pdf?timestamp=1629187570"; VariantName = "[No Variations]"
Add component (AddParameter): Name = "Preis (CHF)"; Value = "0.5"; VariantName = "[No Variations]"
Added Pin To Net: NetName=RF_IN Pin=C1-1
Added Pin To Net: NetName=RF_SIGNAL Pin=C1-2
Added Pin To Net: NetName=GND Pin=C2-1
Added Pin To Net: NetName=3V3 Pin=C2-2
Added Pin To Net: NetName=GND Pin=C3-1
Added Pin To Net: NetName=3V3 Pin=C3-2
Added Pin To Net: NetName=GND Pin=C4-1
Added Pin To Net: NetName=VCC 5V USB Pin=C4-2
Added Pin To Net: NetName=GND Pin=C5-1
Added Pin To Net: NetName=VDD_USB Pin=C5-2
Added Pin To Net: NetName=GND Pin=C6-1
Added Pin To Net: NetName=VCC 5V Pin=C6-2
Added Pin To Net: NetName=GND Pin=C7-1
Added Pin To Net: NetName=3V3 Pin=C7-2
Added Pin To Net: NetName=GND Pin=C8-1
Added Pin To Net: NetName=NetC8_2 Pin=C8-2
Added Pin To Net: NetName=GND Pin=C9-1
Added Pin To Net: NetName=3V3 Pin=C9-2
Added Pin To Net: NetName=GND Pin=C10-1
Added Pin To Net: NetName=3V3 Pin=C10-2
Added Pin To Net: NetName=GND Pin=C11-1
Added Pin To Net: NetName=3V3 Pin=C11-2
Added Pin To Net: NetName=GND Pin=C12-1
Added Pin To Net: NetName=3V3 Pin=C12-2
Added Pin To Net: NetName=I2C_SCL Pin=CN5-1
Added Pin To Net: NetName=I2C_SDA Pin=CN5-2
Added Pin To Net: NetName=GND Pin=CN5-4
Added Pin To Net: NetName=SPI SCK Pin=CN5-5
Added Pin To Net: NetName=SPI MISO Pin=CN5-6
Added Pin To Net: NetName=SPI MOSI Pin=CN5-7
Added Pin To Net: NetName=SPI CS Pin=CN5-8
Added Pin To Net: NetName=3V3 Pin=CN6-4
Added Pin To Net: NetName=5V Pin=CN6-5
Added Pin To Net: NetName=GND Pin=CN6-6
Added Pin To Net: NetName=GND Pin=CN6-7
Added Pin To Net: NetName=VIN Pin=CN6-8
Added Pin To Net: NetName=RXD uB Pin=CN9-7
Added Pin To Net: NetName=TXD uB Pin=CN9-8
Added Pin To Net: NetName=NetD1_1 Pin=D1-1
Added Pin To Net: NetName=GND Pin=D1-2
Added Pin To Net: NetName=5V Pin=D2-1
Added Pin To Net: NetName=VCC 5V USB Pin=D2-2
Added Pin To Net: NetName=VCC 5V Pin=D2-3
Added Pin To Net: NetName=NetD3_1 Pin=D3-1
Added Pin To Net: NetName=GND Pin=D3-2
Added Pin To Net: NetName=NetC8_2 Pin=L1-1
Added Pin To Net: NetName=RF_SIGNAL Pin=L1-2
Added Pin To Net: NetName=GND Pin=P1-1
Added Pin To Net: NetName=GND Pin=P1-2
Added Pin To Net: NetName=GND Pin=P1-3
Added Pin To Net: NetName=GND Pin=P1-4
Added Pin To Net: NetName=I2C_SDA Pin=P1-5
Added Pin To Net: NetName=I2C_SCL Pin=P1-6
Added Pin To Net: NetName=3V3 Pin=P1-8
Added Pin To Net: NetName=NetC8_2 Pin=R1-1
Added Pin To Net: NetName=3V3 Pin=R1-2
Added Pin To Net: NetName=NetD1_1 Pin=R2-1
Added Pin To Net: NetName=TIMEPULSE Pin=R2-2
Added Pin To Net: NetName=GND Pin=R3-1
Added Pin To Net: NetName=VDD_USB Pin=R3-2
Added Pin To Net: NetName=GND Pin=R4-1
Added Pin To Net: NetName=NetR4_2 Pin=R4-2
Added Pin To Net: NetName=NetD3_1 Pin=R5-1
Added Pin To Net: NetName=3V3 Pin=R5-2
Added Pin To Net: NetName=GND Pin=R6-1
Added Pin To Net: NetName=NetR6_2 Pin=R6-2
Added Pin To Net: NetName=SDA Pin=R7-1
Added Pin To Net: NetName=3V3 Pin=R7-2
Added Pin To Net: NetName=NetR8_1 Pin=R8-1
Added Pin To Net: NetName=VCC 5V Pin=R8-2
Added Pin To Net: NetName=USB D+ Pin=R9-1
Added Pin To Net: NetName=USB_DP Pin=R9-2
Added Pin To Net: NetName=USB D- Pin=R10-1
Added Pin To Net: NetName=USB_DM Pin=R10-2
Added Pin To Net: NetName=SCL Pin=R11-1
Added Pin To Net: NetName=3V3 Pin=R11-2
Added Pin To Net: NetName=GND Pin=U1-0
Added Pin To Net: NetName=GND Pin=U1-0
Added Pin To Net: NetName=GND Pin=U1-0
Added Pin To Net: NetName=GND Pin=U1-0
Added Pin To Net: NetName=GND Pin=U1-0
Added Pin To Net: NetName=GND Pin=U1-0
Added Pin To Net: NetName=GND Pin=U1-0
Added Pin To Net: NetName=GND Pin=U1-0
Added Pin To Net: NetName=GND Pin=U1-0
Added Pin To Net: NetName=GND Pin=U1-0
Added Pin To Net: NetName=GND Pin=U1-0
Added Pin To Net: NetName=GND Pin=U1-0
Added Pin To Net: NetName=GND Pin=U1-0
Added Pin To Net: NetName=GND Pin=U1-0
Added Pin To Net: NetName=GND Pin=U1-0
Added Pin To Net: NetName=GND Pin=U1-0
Added Pin To Net: NetName=GND Pin=U1-0
Added Pin To Net: NetName=GND Pin=U1-0
Added Pin To Net: NetName=GND Pin=U1-0
Added Pin To Net: NetName=GND Pin=U1-0
Added Pin To Net: NetName=GND Pin=U1-0
Added Pin To Net: NetName=GND Pin=U1-0
Added Pin To Net: NetName=GND Pin=U1-0
Added Pin To Net: NetName=GND Pin=U1-0
Added Pin To Net: NetName=GND Pin=U1-0
Added Pin To Net: NetName=GND Pin=U1-0
Added Pin To Net: NetName=GND Pin=U1-0
Added Pin To Net: NetName=GND Pin=U1-0
Added Pin To Net: NetName=GND Pin=U1-0
Added Pin To Net: NetName=GND Pin=U1-0
Added Pin To Net: NetName=GND Pin=U1-0
Added Pin To Net: NetName=GND Pin=U1-0
Added Pin To Net: NetName=GND Pin=U1-0
Added Pin To Net: NetName=GND Pin=U1-0
Added Pin To Net: NetName=GND Pin=U1-0
Added Pin To Net: NetName=GND Pin=U1-0
Added Pin To Net: NetName=GND Pin=U1-0
Added Pin To Net: NetName=GND Pin=U1-0
Added Pin To Net: NetName=GND Pin=U1-0
Added Pin To Net: NetName=GND Pin=U1-0
Added Pin To Net: NetName=GND Pin=U1-0
Added Pin To Net: NetName=GND Pin=U1-0
Added Pin To Net: NetName=GND Pin=U1-0
Added Pin To Net: NetName=GND Pin=U1-0
Added Pin To Net: NetName=GND Pin=U1-0
Added Pin To Net: NetName=GND Pin=U1-0
Added Pin To Net: NetName=GND Pin=U1-0
Added Pin To Net: NetName=GND Pin=U1-0
Added Pin To Net: NetName=GND Pin=U1-0
Added Pin To Net: NetName=GND Pin=U1-0
Added Pin To Net: NetName=GND Pin=U1-0
Added Pin To Net: NetName=GND Pin=U1-0
Added Pin To Net: NetName=GND Pin=U1-0
Added Pin To Net: NetName=GND Pin=U1-1
Added Pin To Net: NetName=RF_IN Pin=U1-2
Added Pin To Net: NetName=GND Pin=U1-3
Added Pin To Net: NetName=VCC_RF Pin=U1-7
Added Pin To Net: NetName=GND Pin=U1-12
Added Pin To Net: NetName=GND Pin=U1-14
Added Pin To Net: NetName=GEOFENCE_STAT Pin=U1-19
Added Pin To Net: NetName=RTK_STAT Pin=U1-20
Added Pin To Net: NetName=RXD2 Pin=U1-26
Added Pin To Net: NetName=TXD2 Pin=U1-27
Added Pin To Net: NetName=GND Pin=U1-32
Added Pin To Net: NetName=3V3 Pin=U1-33
Added Pin To Net: NetName=3V3 Pin=U1-34
Added Pin To Net: NetName=3V3 Pin=U1-36
Added Pin To Net: NetName=GND Pin=U1-37
Added Pin To Net: NetName=VDD_USB Pin=U1-38
Added Pin To Net: NetName=USB_DM Pin=U1-39
Added Pin To Net: NetName=USB_DP Pin=U1-40
Added Pin To Net: NetName=GND Pin=U1-41
Added Pin To Net: NetName=TXD uB Pin=U1-42
Added Pin To Net: NetName=RXD uB Pin=U1-43
Added Pin To Net: NetName=I2C_SDA Pin=U1-44
Added Pin To Net: NetName=I2C_SCL Pin=U1-45
Added Pin To Net: NetName=TX_READY Pin=U1-46
Added Pin To Net: NetName=D_SEL Pin=U1-47
Added Pin To Net: NetName=GND Pin=U1-48
Added Pin To Net: NetName=RESET_N Pin=U1-49
Added Pin To Net: NetName=SAFEBOOT_N Pin=U1-50
Added Pin To Net: NetName=EXTINT Pin=U1-51
Added Pin To Net: NetName=TIMEPULSE Pin=U1-53
Added Pin To Net: NetName=GND Pin=U2-1
Added Pin To Net: NetName=VDD_USB Pin=U2-2
Added Pin To Net: NetName=VCC 5V USB Pin=U2-3
Added Pin To Net: NetName=3V3 Pin=U3-1
Added Pin To Net: NetName=I2C_SCL Pin=U3-4
Added Pin To Net: NetName=GND Pin=U3-5
Added Pin To Net: NetName=I2C_SDA Pin=U3-6
Added Pin To Net: NetName=GND Pin=U3-7
Added Pin To Net: NetName=3V3 Pin=U3-8
Added Pin To Net: NetName=GND Pin=U3-10
Added Pin To Net: NetName=GND Pin=U3-12
Added Pin To Net: NetName=3V3 Pin=U3-14
Added Pin To Net: NetName=3V3 Pin=U4-1
Added Pin To Net: NetName=NetR8_1 Pin=U4-5
Added Pin To Net: NetName=VCC 5V Pin=U4-8
Added Pin To Net: NetName=GND Pin=U5-1
Added Pin To Net: NetName=3V3 Pin=U5-2
Added Pin To Net: NetName=SCL Pin=U5-3
Added Pin To Net: NetName=SDA Pin=U5-4
Added Pin To Net: NetName=RF_SIGNAL Pin=X1-1
Added Pin To Net: NetName=GND Pin=X1-2
Added Pin To Net: NetName=GND Pin=X1-3
Added Pin To Net: NetName=GND Pin=X2-A1_B12
Added Pin To Net: NetName=VCC 5V USB Pin=X2-A4_B9
Added Pin To Net: NetName=NetR4_2 Pin=X2-A5
Added Pin To Net: NetName=USB D+ Pin=X2-A6
Added Pin To Net: NetName=USB D- Pin=X2-A7
Added Pin To Net: NetName=GND Pin=X2-B1_A12
Added Pin To Net: NetName=VCC 5V USB Pin=X2-B4_A9
Added Pin To Net: NetName=NetR6_2 Pin=X2-B5
Added Pin To Net: NetName=USB D+ Pin=X2-B6
Added Pin To Net: NetName=USB D- Pin=X2-B7
Added Pin To Net: NetName=GND Pin=X2-SH1
Added Pin To Net: NetName=GND Pin=X2-SH2
Added Pin To Net: NetName=GND Pin=X2-SH3
Added Pin To Net: NetName=GND Pin=X2-SH4
Added Pin To Net: NetName=SD_CS Pin=X3-2
Added Pin To Net: NetName=SPI MOSI Pin=X3-3
Added Pin To Net: NetName=3V3 Pin=X3-4
Added Pin To Net: NetName=SPI SCK Pin=X3-5
Added Pin To Net: NetName=SPI MISO Pin=X3-6
Added Pin To Net: NetName=GND Pin=X3-9
Added Pin To Net: NetName=CARD DETECT Pin=X3-10
Added Pin To Net: NetName=GND Pin=X3-20
Added Pin To Net: NetName=GND Pin=X3-20
Added Pin To Net: NetName=GND Pin=X3-20
Added Pin To Net: NetName=GND Pin=X3-20
Added Pin To Net: NetName=SCL Pin=X5-1
Added Pin To Net: NetName=SDA Pin=X5-2
Added Pin To Net: NetName=3V3 Pin=X5-3
Added Pin To Net: NetName=GND Pin=X5-4
Added Member To Class: ClassName=METRO Shield 1.0 Member=Component C1 47pF 0603
Added Member To Class: ClassName=METRO Shield 1.0 Member=Component C2 10uF 0603
Added Member To Class: ClassName=METRO Shield 1.0 Member=Component C3 22uF 0805
Added Member To Class: ClassName=METRO Shield 1.0 Member=Component C4 10uF 0603
Added Member To Class: ClassName=METRO Shield 1.0 Member=Component C5 100nF 0603
Added Member To Class: ClassName=METRO Shield 1.0 Member=Component C6 1uF 0603
Added Member To Class: ClassName=METRO Shield 1.0 Member=Component C7 1uF 0603
Added Member To Class: ClassName=METRO Shield 1.0 Member=Component C8 100nF 0603
Added Member To Class: ClassName=METRO Shield 1.0 Member=Component C9 10uF 0603
Added Member To Class: ClassName=METRO Shield 1.0 Member=Component C10 10uF 0603
Added Member To Class: ClassName=METRO Shield 1.0 Member=Component C11 10uF 0603
Added Member To Class: ClassName=METRO Shield 1.0 Member=Component C12 10uF 0603
Added Member To Class: ClassName=METRO Shield 1.0 Member=Component CN5 10-Pin Stiftleiste 10x1 2.54 Low Profile
Added Member To Class: ClassName=METRO Shield 1.0 Member=Component CN6 8-Pin Stiftleiste 8x1 2.54 Low Profile
Added Member To Class: ClassName=METRO Shield 1.0 Member=Component CN8 6-PiN
Added Member To Class: ClassName=METRO Shield 1.0 Member=Component CN9 8-Pin Stiftleiste 8x1 2.54 Low Profile
Added Member To Class: ClassName=METRO Shield 1.0 Member=Component D1 LED Diode SMD LOW CURRENT
Added Member To Class: ClassName=METRO Shield 1.0 Member=Component D2 Diode SHOTTKY_4
Added Member To Class: ClassName=METRO Shield 1.0 Member=Component D3 LED Diode SMD LOW CURRENT
Added Member To Class: ClassName=METRO Shield 1.0 Member=Component L1 L SMD 0603 100nH MLJ1608WR10JT000
Added Member To Class: ClassName=METRO Shield 1.0 Member=Component P1 EEPROM CAT24C512HU5IGT3
Added Member To Class: ClassName=METRO Shield 1.0 Member=Component R1 10 Ohm 0603
Added Member To Class: ClassName=METRO Shield 1.0 Member=Component R2 330 Ohm 0603
Added Member To Class: ClassName=METRO Shield 1.0 Member=Component R3 10k Ohm 0603
Added Member To Class: ClassName=METRO Shield 1.0 Member=Component R4 5.1k Ohm 0603
Added Member To Class: ClassName=METRO Shield 1.0 Member=Component R5 330 Ohm 0603
Added Member To Class: ClassName=METRO Shield 1.0 Member=Component R6 5.1k Ohm 0603
Added Member To Class: ClassName=METRO Shield 1.0 Member=Component R7 10k Ohm 0402
Added Member To Class: ClassName=METRO Shield 1.0 Member=Component R8 47k Ohm 0603
Added Member To Class: ClassName=METRO Shield 1.0 Member=Component R9 22 Ohm 0603
Added Member To Class: ClassName=METRO Shield 1.0 Member=Component R10 22 Ohm 0603
Added Member To Class: ClassName=METRO Shield 1.0 Member=Component R11 10k Ohm 0402
Added Member To Class: ClassName=METRO Shield 1.0 Member=Component U1 uBlox ZED F9P
Added Member To Class: ClassName=METRO Shield 1.0 Member=Component U2 TPS7A0533PDBZR
Added Member To Class: ClassName=METRO Shield 1.0 Member=Component U3 LIS3DH
Added Member To Class: ClassName=METRO Shield 1.0 Member=Component U4 NCV8705ML33TCG - 3.3V
Added Member To Class: ClassName=METRO Shield 1.0 Member=Component U5 OLED I2C 1.3 128x64
Added Member To Class: ClassName=METRO Shield 1.0 Member=Component X1 U.FL R SMT
Added Member To Class: ClassName=METRO Shield 1.0 Member=Component X2 USB - C  Amphenol USB2.0
Added Member To Class: ClassName=METRO Shield 1.0 Member=Component X3 SD micro Card Holder_4
Added Member To Class: ClassName=METRO Shield 1.0 Member=Component X5 4-Pin
