Removed Pin From Net: NetName=VCC 3.3V Pin=D4-2
Removed Pin From Net: NetName=GND Pin=X4-2
Removed Member From Class: ClassName=uBlox ZED F9P Miratlas Member=D4
Removed Member From Class: ClassName=uBlox ZED F9P Miratlas Member=R11
Removed Member From Class: ClassName=uBlox ZED F9P Miratlas Member=X4
Change component parameters: Designator = "X3" ("X3"); Footprint = "QWIIC JST CONNECTOR - SMD 4-PIN"; UniqueID = "\BFCVHJRD" ("\BFCVHJRD")
Change component parameters (AddParameter): Name = "Haendler"; Value = "Mouser"; VariantName = "[No Variations]"
Change component parameters (AddParameter): Name = "Haendler2"; Value = "Digikey"; VariantName = "[No Variations]"
Change component parameters (AddParameter): Name = "Haendler2 Nr"; Value = "455-SM04B-SRSS-TBCT-ND"; VariantName = "[No Variations]"
Change component parameters (AddParameter): Name = "Haendler2 Nr 2"; Value = "455-SM04B-SRSS-TBCT-ND"; VariantName = "[No Variations]"
Change component parameters (AddParameter): Name = "Haendler Nr"; Value = "306-SM04BSRSSTBLFSN"; VariantName = "[No Variations]"
Change component parameters (AddParameter): Name = "Hersteller"; Value = "Molex"; VariantName = "[No Variations]"
Change component parameters (AddParameter): Name = "Hersteller Nr"; Value = "SM04B-SRSS-TB"; VariantName = "[No Variations]"
Change component parameters (AddParameter): Name = "Link"; Value = "https://cdn-learn.adafruit.com/downloads/pdf/introducing-adafruit-stemma-qt.pdf?timestamp=1629187570"; VariantName = "[No Variations]"
Change component parameters (AddParameter): Name = "Preis (CHF)"; Value = "0.5"; VariantName = "[No Variations]"
Change component parameters: Designator = "X5" ("X5"); Footprint = "QWIIC JST CONNECTOR - SMD 4-PIN"; UniqueID = "\VLNRYNIV" ("\VLNRYNIV")
Change component parameters (AddParameter): Name = "Haendler"; Value = "Mouser"; VariantName = "[No Variations]"
Change component parameters (AddParameter): Name = "Haendler2"; Value = "Digikey"; VariantName = "[No Variations]"
Change component parameters (AddParameter): Name = "Haendler2 Nr"; Value = "455-SM04B-SRSS-TBCT-ND"; VariantName = "[No Variations]"
Change component parameters (AddParameter): Name = "Haendler2 Nr 2"; Value = "455-SM04B-SRSS-TBCT-ND"; VariantName = "[No Variations]"
Change component parameters (AddParameter): Name = "Haendler Nr"; Value = "306-SM04BSRSSTBLFSN"; VariantName = "[No Variations]"
Change component parameters (AddParameter): Name = "Hersteller"; Value = "Molex"; VariantName = "[No Variations]"
Change component parameters (AddParameter): Name = "Hersteller Nr"; Value = "SM04B-SRSS-TB"; VariantName = "[No Variations]"
Change component parameters (AddParameter): Name = "Link"; Value = "https://cdn-learn.adafruit.com/downloads/pdf/introducing-adafruit-stemma-qt.pdf?timestamp=1629187570"; VariantName = "[No Variations]"
Change component parameters (AddParameter): Name = "Preis (CHF)"; Value = "0.5"; VariantName = "[No Variations]"
Added Pin To Net: NetName=VCC 3.3V Pin=U1-36
Change Class Name : Old Net Name=uBlox ZED F9P Miratlas New Net Name=METRO Shield 1.0
